---
source: tests/snapshot_tests.rs
---
[
  Token(
    kind: Function,
    range: Range(
      start: 0,
      end: 8,
    ),
  ),
  Token(
    kind: Identifier("greet"),
    range: Range(
      start: 9,
      end: 14,
    ),
  ),
  Token(
    kind: LeftParen,
    range: Range(
      start: 14,
      end: 15,
    ),
  ),
  Token(
    kind: Identifier("name"),
    range: Range(
      start: 15,
      end: 19,
    ),
  ),
  Token(
    kind: Colon,
    range: Range(
      start: 19,
      end: 20,
    ),
  ),
  Token(
    kind: Identifier("string"),
    range: Range(
      start: 21,
      end: 27,
    ),
  ),
  Token(
    kind: RightParen,
    range: Range(
      start: 27,
      end: 28,
    ),
  ),
  Token(
    kind: Colon,
    range: Range(
      start: 28,
      end: 29,
    ),
  ),
  Token(
    kind: Identifier("number"),
    range: Range(
      start: 30,
      end: 36,
    ),
  ),
  Token(
    kind: Return,
    range: Range(
      start: 41,
      end: 47,
    ),
  ),
  Token(
    kind: String("Hello, "),
    range: Range(
      start: 48,
      end: 57,
    ),
  ),
  Token(
    kind: DoubleDot,
    range: Range(
      start: 58,
      end: 60,
    ),
  ),
  Token(
    kind: Identifier("name"),
    range: Range(
      start: 61,
      end: 65,
    ),
  ),
  Token(
    kind: End,
    range: Range(
      start: 66,
      end: 69,
    ),
  ),
  Token(
    kind: Local,
    range: Range(
      start: 70,
      end: 75,
    ),
  ),
  Token(
    kind: Identifier("result"),
    range: Range(
      start: 76,
      end: 82,
    ),
  ),
  Token(
    kind: Colon,
    range: Range(
      start: 82,
      end: 83,
    ),
  ),
  Token(
    kind: Identifier("number"),
    range: Range(
      start: 84,
      end: 90,
    ),
  ),
  Token(
    kind: Assign,
    range: Range(
      start: 91,
      end: 92,
    ),
  ),
  Token(
    kind: Identifier("greet"),
    range: Range(
      start: 93,
      end: 98,
    ),
  ),
  Token(
    kind: LeftParen,
    range: Range(
      start: 98,
      end: 99,
    ),
  ),
  Token(
    kind: String("Stella"),
    range: Range(
      start: 99,
      end: 107,
    ),
  ),
  Token(
    kind: RightParen,
    range: Range(
      start: 107,
      end: 108,
    ),
  ),
  Token(
    kind: EOF,
    range: Range(
      start: 109,
      end: 109,
    ),
  ),
]
