---
source: tests/snapshot_tests.rs
---
[
  Token(
    kind: BlockComment("\nblock comment    -- no action (comment)\n"),
    range: Range(
      start: 0,
      end: 49,
    ),
  ),
  Token(
    kind: Comment("print(10)         -- no action (comment)"),
    range: Range(
      start: 51,
      end: 93,
    ),
  ),
  Token(
    kind: Local,
    range: Range(
      start: 95,
      end: 100,
    ),
  ),
  Token(
    kind: Identifier("name"),
    range: Range(
      start: 101,
      end: 105,
    ),
  ),
  Token(
    kind: Colon,
    range: Range(
      start: 105,
      end: 106,
    ),
  ),
  Token(
    kind: Identifier("string"),
    range: Range(
      start: 107,
      end: 113,
    ),
  ),
  Token(
    kind: Assign,
    range: Range(
      start: 114,
      end: 115,
    ),
  ),
  Token(
    kind: String("Stella"),
    range: Range(
      start: 116,
      end: 124,
    ),
  ),
  Token(
    kind: Local,
    range: Range(
      start: 125,
      end: 130,
    ),
  ),
  Token(
    kind: Identifier("age"),
    range: Range(
      start: 131,
      end: 134,
    ),
  ),
  Token(
    kind: Colon,
    range: Range(
      start: 134,
      end: 135,
    ),
  ),
  Token(
    kind: Identifier("number"),
    range: Range(
      start: 136,
      end: 142,
    ),
  ),
  Token(
    kind: Assign,
    range: Range(
      start: 143,
      end: 144,
    ),
  ),
  Token(
    kind: Identifier("name"),
    range: Range(
      start: 145,
      end: 149,
    ),
  ),
  Token(
    kind: Semicolon,
    range: Range(
      start: 149,
      end: 150,
    ),
  ),
  Token(
    kind: Identifier("name"),
    range: Range(
      start: 151,
      end: 155,
    ),
  ),
  Token(
    kind: Assign,
    range: Range(
      start: 156,
      end: 157,
    ),
  ),
  Token(
    kind: Number("10"),
    range: Range(
      start: 158,
      end: 160,
    ),
  ),
  Token(
    kind: Local,
    range: Range(
      start: 161,
      end: 166,
    ),
  ),
  Token(
    kind: Identifier("is_student"),
    range: Range(
      start: 167,
      end: 177,
    ),
  ),
  Token(
    kind: Colon,
    range: Range(
      start: 177,
      end: 178,
    ),
  ),
  Token(
    kind: Identifier("boolean"),
    range: Range(
      start: 179,
      end: 186,
    ),
  ),
  Token(
    kind: Assign,
    range: Range(
      start: 187,
      end: 188,
    ),
  ),
  Token(
    kind: True,
    range: Range(
      start: 189,
      end: 193,
    ),
  ),
  Token(
    kind: Local,
    range: Range(
      start: 195,
      end: 200,
    ),
  ),
  Token(
    kind: Identifier("what_is_that"),
    range: Range(
      start: 201,
      end: 213,
    ),
  ),
  Token(
    kind: Colon,
    range: Range(
      start: 213,
      end: 214,
    ),
  ),
  Token(
    kind: Identifier("unknown"),
    range: Range(
      start: 215,
      end: 222,
    ),
  ),
  Token(
    kind: Semicolon,
    range: Range(
      start: 222,
      end: 223,
    ),
  ),
  Token(
    kind: Identifier("what_is_that"),
    range: Range(
      start: 225,
      end: 237,
    ),
  ),
  Token(
    kind: Assign,
    range: Range(
      start: 238,
      end: 239,
    ),
  ),
  Token(
    kind: Number("10"),
    range: Range(
      start: 240,
      end: 242,
    ),
  ),
  Token(
    kind: Identifier("what_is_that"),
    range: Range(
      start: 245,
      end: 257,
    ),
  ),
  Token(
    kind: Assign,
    range: Range(
      start: 258,
      end: 259,
    ),
  ),
  Token(
    kind: True,
    range: Range(
      start: 260,
      end: 264,
    ),
  ),
  Token(
    kind: EOF,
    range: Range(
      start: 265,
      end: 265,
    ),
  ),
]
