---
source: tests/snapshot_tests.rs
---
[
  Token(
    kind: Local,
    location: Location(
      start: Position(
        line: 1,
        column: 0,
      ),
      end: Position(
        line: 1,
        column: 5,
      ),
    ),
  ),
  Token(
    kind: Identifier("name"),
    location: Location(
      start: Position(
        line: 1,
        column: 5,
      ),
      end: Position(
        line: 1,
        column: 10,
      ),
    ),
  ),
  Token(
    kind: Colon,
    location: Location(
      start: Position(
        line: 1,
        column: 10,
      ),
      end: Position(
        line: 1,
        column: 11,
      ),
    ),
  ),
  Token(
    kind: Identifier("string"),
    location: Location(
      start: Position(
        line: 1,
        column: 11,
      ),
      end: Position(
        line: 1,
        column: 18,
      ),
    ),
  ),
  Token(
    kind: Assign,
    location: Location(
      start: Position(
        line: 1,
        column: 18,
      ),
      end: Position(
        line: 1,
        column: 20,
      ),
    ),
  ),
  Token(
    kind: String("Stella"),
    location: Location(
      start: Position(
        line: 1,
        column: 20,
      ),
      end: Position(
        line: 1,
        column: 29,
      ),
    ),
  ),
  Token(
    kind: Local,
    location: Location(
      start: Position(
        line: 1,
        column: 29,
      ),
      end: Position(
        line: 2,
        column: 5,
      ),
    ),
  ),
  Token(
    kind: Identifier("age"),
    location: Location(
      start: Position(
        line: 2,
        column: 5,
      ),
      end: Position(
        line: 2,
        column: 9,
      ),
    ),
  ),
  Token(
    kind: Colon,
    location: Location(
      start: Position(
        line: 2,
        column: 9,
      ),
      end: Position(
        line: 2,
        column: 10,
      ),
    ),
  ),
  Token(
    kind: Identifier("number"),
    location: Location(
      start: Position(
        line: 2,
        column: 10,
      ),
      end: Position(
        line: 2,
        column: 17,
      ),
    ),
  ),
  Token(
    kind: Assign,
    location: Location(
      start: Position(
        line: 2,
        column: 17,
      ),
      end: Position(
        line: 2,
        column: 19,
      ),
    ),
  ),
  Token(
    kind: Number("25"),
    location: Location(
      start: Position(
        line: 2,
        column: 19,
      ),
      end: Position(
        line: 2,
        column: 22,
      ),
    ),
  ),
  Token(
    kind: Local,
    location: Location(
      start: Position(
        line: 2,
        column: 22,
      ),
      end: Position(
        line: 3,
        column: 5,
      ),
    ),
  ),
  Token(
    kind: Identifier("is_student"),
    location: Location(
      start: Position(
        line: 3,
        column: 5,
      ),
      end: Position(
        line: 3,
        column: 16,
      ),
    ),
  ),
  Token(
    kind: Colon,
    location: Location(
      start: Position(
        line: 3,
        column: 16,
      ),
      end: Position(
        line: 3,
        column: 17,
      ),
    ),
  ),
  Token(
    kind: Identifier("boolean"),
    location: Location(
      start: Position(
        line: 3,
        column: 17,
      ),
      end: Position(
        line: 3,
        column: 25,
      ),
    ),
  ),
  Token(
    kind: Assign,
    location: Location(
      start: Position(
        line: 3,
        column: 25,
      ),
      end: Position(
        line: 3,
        column: 27,
      ),
    ),
  ),
  Token(
    kind: True,
    location: Location(
      start: Position(
        line: 3,
        column: 27,
      ),
      end: Position(
        line: 3,
        column: 32,
      ),
    ),
  ),
  Token(
    kind: EOF,
    location: Location(
      start: Position(
        line: 3,
        column: 32,
      ),
      end: Position(
        line: 4,
        column: 0,
      ),
    ),
  ),
]
