---
source: tests/snapshot_tests.rs
---
[
  Token(
    kind: Comment(" local age: number = 25"),
    location: Location(
      start: Position(
        line: 1,
        column: 0,
      ),
      end: Position(
        line: 1,
        column: 25,
      ),
    ),
  ),
  Token(
    kind: Comment(" if age >= 18 then"),
    location: Location(
      start: Position(
        line: 3,
        column: 0,
      ),
      end: Position(
        line: 3,
        column: 20,
      ),
    ),
  ),
  Token(
    kind: Comment("     print(\"You are an adult.\")"),
    location: Location(
      start: Position(
        line: 4,
        column: 0,
      ),
      end: Position(
        line: 4,
        column: 33,
      ),
    ),
  ),
  Token(
    kind: Comment(" else"),
    location: Location(
      start: Position(
        line: 5,
        column: 0,
      ),
      end: Position(
        line: 5,
        column: 7,
      ),
    ),
  ),
  Token(
    kind: Comment("     print(\"You are a minor.\")"),
    location: Location(
      start: Position(
        line: 6,
        column: 0,
      ),
      end: Position(
        line: 6,
        column: 32,
      ),
    ),
  ),
  Token(
    kind: Comment(" end"),
    location: Location(
      start: Position(
        line: 7,
        column: 0,
      ),
      end: Position(
        line: 7,
        column: 6,
      ),
    ),
  ),
  Token(
    kind: Function,
    location: Location(
      start: Position(
        line: 10,
        column: 0,
      ),
      end: Position(
        line: 10,
        column: 8,
      ),
    ),
  ),
  Token(
    kind: Identifier("test"),
    location: Location(
      start: Position(
        line: 10,
        column: 9,
      ),
      end: Position(
        line: 10,
        column: 13,
      ),
    ),
  ),
  Token(
    kind: LeftParen,
    location: Location(
      start: Position(
        line: 10,
        column: 13,
      ),
      end: Position(
        line: 10,
        column: 14,
      ),
    ),
  ),
  Token(
    kind: Identifier("t"),
    location: Location(
      start: Position(
        line: 10,
        column: 14,
      ),
      end: Position(
        line: 10,
        column: 15,
      ),
    ),
  ),
  Token(
    kind: Colon,
    location: Location(
      start: Position(
        line: 10,
        column: 15,
      ),
      end: Position(
        line: 10,
        column: 16,
      ),
    ),
  ),
  Token(
    kind: Identifier("boolean"),
    location: Location(
      start: Position(
        line: 10,
        column: 17,
      ),
      end: Position(
        line: 10,
        column: 24,
      ),
    ),
  ),
  Token(
    kind: RightParen,
    location: Location(
      start: Position(
        line: 10,
        column: 24,
      ),
      end: Position(
        line: 10,
        column: 25,
      ),
    ),
  ),
  Token(
    kind: If,
    location: Location(
      start: Position(
        line: 11,
        column: 2,
      ),
      end: Position(
        line: 11,
        column: 4,
      ),
    ),
  ),
  Token(
    kind: Identifier("t"),
    location: Location(
      start: Position(
        line: 11,
        column: 5,
      ),
      end: Position(
        line: 11,
        column: 6,
      ),
    ),
  ),
  Token(
    kind: Then,
    location: Location(
      start: Position(
        line: 11,
        column: 7,
      ),
      end: Position(
        line: 11,
        column: 11,
      ),
    ),
  ),
  Token(
    kind: Return,
    location: Location(
      start: Position(
        line: 12,
        column: 4,
      ),
      end: Position(
        line: 12,
        column: 10,
      ),
    ),
  ),
  Token(
    kind: Number("10"),
    location: Location(
      start: Position(
        line: 12,
        column: 11,
      ),
      end: Position(
        line: 12,
        column: 13,
      ),
    ),
  ),
  Token(
    kind: Else,
    location: Location(
      start: Position(
        line: 13,
        column: 2,
      ),
      end: Position(
        line: 13,
        column: 6,
      ),
    ),
  ),
  Token(
    kind: Return,
    location: Location(
      start: Position(
        line: 14,
        column: 4,
      ),
      end: Position(
        line: 14,
        column: 10,
      ),
    ),
  ),
  Token(
    kind: String("Hello"),
    location: Location(
      start: Position(
        line: 14,
        column: 11,
      ),
      end: Position(
        line: 14,
        column: 18,
      ),
    ),
  ),
  Token(
    kind: End,
    location: Location(
      start: Position(
        line: 15,
        column: 2,
      ),
      end: Position(
        line: 15,
        column: 5,
      ),
    ),
  ),
  Token(
    kind: End,
    location: Location(
      start: Position(
        line: 16,
        column: 0,
      ),
      end: Position(
        line: 16,
        column: 3,
      ),
    ),
  ),
  Token(
    kind: Local,
    location: Location(
      start: Position(
        line: 19,
        column: 0,
      ),
      end: Position(
        line: 19,
        column: 5,
      ),
    ),
  ),
  Token(
    kind: Identifier("result"),
    location: Location(
      start: Position(
        line: 19,
        column: 6,
      ),
      end: Position(
        line: 19,
        column: 12,
      ),
    ),
  ),
  Token(
    kind: Colon,
    location: Location(
      start: Position(
        line: 19,
        column: 12,
      ),
      end: Position(
        line: 19,
        column: 13,
      ),
    ),
  ),
  Token(
    kind: Identifier("number"),
    location: Location(
      start: Position(
        line: 19,
        column: 14,
      ),
      end: Position(
        line: 19,
        column: 20,
      ),
    ),
  ),
  Token(
    kind: Assign,
    location: Location(
      start: Position(
        line: 19,
        column: 21,
      ),
      end: Position(
        line: 19,
        column: 22,
      ),
    ),
  ),
  Token(
    kind: Identifier("test"),
    location: Location(
      start: Position(
        line: 19,
        column: 23,
      ),
      end: Position(
        line: 19,
        column: 27,
      ),
    ),
  ),
  Token(
    kind: LeftParen,
    location: Location(
      start: Position(
        line: 19,
        column: 27,
      ),
      end: Position(
        line: 19,
        column: 28,
      ),
    ),
  ),
  Token(
    kind: True,
    location: Location(
      start: Position(
        line: 19,
        column: 28,
      ),
      end: Position(
        line: 19,
        column: 32,
      ),
    ),
  ),
  Token(
    kind: RightParen,
    location: Location(
      start: Position(
        line: 19,
        column: 32,
      ),
      end: Position(
        line: 19,
        column: 33,
      ),
    ),
  ),
  Token(
    kind: Local,
    location: Location(
      start: Position(
        line: 20,
        column: 0,
      ),
      end: Position(
        line: 20,
        column: 5,
      ),
    ),
  ),
  Token(
    kind: Identifier("n"),
    location: Location(
      start: Position(
        line: 20,
        column: 6,
      ),
      end: Position(
        line: 20,
        column: 7,
      ),
    ),
  ),
  Token(
    kind: Colon,
    location: Location(
      start: Position(
        line: 20,
        column: 7,
      ),
      end: Position(
        line: 20,
        column: 8,
      ),
    ),
  ),
  Token(
    kind: Identifier("string"),
    location: Location(
      start: Position(
        line: 20,
        column: 9,
      ),
      end: Position(
        line: 20,
        column: 15,
      ),
    ),
  ),
  Token(
    kind: Assign,
    location: Location(
      start: Position(
        line: 20,
        column: 16,
      ),
      end: Position(
        line: 20,
        column: 17,
      ),
    ),
  ),
  Token(
    kind: Identifier("test"),
    location: Location(
      start: Position(
        line: 20,
        column: 18,
      ),
      end: Position(
        line: 20,
        column: 22,
      ),
    ),
  ),
  Token(
    kind: LeftParen,
    location: Location(
      start: Position(
        line: 20,
        column: 22,
      ),
      end: Position(
        line: 20,
        column: 23,
      ),
    ),
  ),
  Token(
    kind: False,
    location: Location(
      start: Position(
        line: 20,
        column: 23,
      ),
      end: Position(
        line: 20,
        column: 28,
      ),
    ),
  ),
  Token(
    kind: RightParen,
    location: Location(
      start: Position(
        line: 20,
        column: 28,
      ),
      end: Position(
        line: 20,
        column: 29,
      ),
    ),
  ),
  Token(
    kind: EOF,
    location: Location(
      start: Position(
        line: 21,
        column: 0,
      ),
      end: Position(
        line: 21,
        column: 0,
      ),
    ),
  ),
]
