---
source: tests/snapshot_tests.rs
---
[
  Token(
    kind: Function,
    location: Location(
      start: Position(
        line: 1,
        column: 0,
      ),
      end: Position(
        line: 1,
        column: 8,
      ),
    ),
  ),
  Token(
    kind: Identifier("greet"),
    location: Location(
      start: Position(
        line: 1,
        column: 8,
      ),
      end: Position(
        line: 1,
        column: 14,
      ),
    ),
  ),
  Token(
    kind: LeftParen,
    location: Location(
      start: Position(
        line: 1,
        column: 14,
      ),
      end: Position(
        line: 1,
        column: 15,
      ),
    ),
  ),
  Token(
    kind: Identifier("name"),
    location: Location(
      start: Position(
        line: 1,
        column: 15,
      ),
      end: Position(
        line: 1,
        column: 19,
      ),
    ),
  ),
  Token(
    kind: Colon,
    location: Location(
      start: Position(
        line: 1,
        column: 19,
      ),
      end: Position(
        line: 1,
        column: 20,
      ),
    ),
  ),
  Token(
    kind: Identifier("string"),
    location: Location(
      start: Position(
        line: 1,
        column: 20,
      ),
      end: Position(
        line: 1,
        column: 27,
      ),
    ),
  ),
  Token(
    kind: RightParen,
    location: Location(
      start: Position(
        line: 1,
        column: 27,
      ),
      end: Position(
        line: 1,
        column: 28,
      ),
    ),
  ),
  Token(
    kind: Colon,
    location: Location(
      start: Position(
        line: 1,
        column: 28,
      ),
      end: Position(
        line: 1,
        column: 29,
      ),
    ),
  ),
  Token(
    kind: Identifier("string"),
    location: Location(
      start: Position(
        line: 1,
        column: 29,
      ),
      end: Position(
        line: 1,
        column: 36,
      ),
    ),
  ),
  Token(
    kind: Return,
    location: Location(
      start: Position(
        line: 1,
        column: 36,
      ),
      end: Position(
        line: 2,
        column: 10,
      ),
    ),
  ),
  Token(
    kind: String("Hello, "),
    location: Location(
      start: Position(
        line: 2,
        column: 10,
      ),
      end: Position(
        line: 2,
        column: 20,
      ),
    ),
  ),
  Token(
    kind: DoubleDot,
    location: Location(
      start: Position(
        line: 2,
        column: 20,
      ),
      end: Position(
        line: 2,
        column: 22,
      ),
    ),
  ),
  Token(
    kind: DoubleDot,
    location: Location(
      start: Position(
        line: 2,
        column: 22,
      ),
      end: Position(
        line: 2,
        column: 23,
      ),
    ),
  ),
  Token(
    kind: Identifier("name"),
    location: Location(
      start: Position(
        line: 2,
        column: 23,
      ),
      end: Position(
        line: 2,
        column: 28,
      ),
    ),
  ),
  Token(
    kind: End,
    location: Location(
      start: Position(
        line: 2,
        column: 28,
      ),
      end: Position(
        line: 3,
        column: 3,
      ),
    ),
  ),
  Token(
    kind: Identifier("print"),
    location: Location(
      start: Position(
        line: 3,
        column: 3,
      ),
      end: Position(
        line: 5,
        column: 5,
      ),
    ),
  ),
  Token(
    kind: LeftParen,
    location: Location(
      start: Position(
        line: 5,
        column: 5,
      ),
      end: Position(
        line: 5,
        column: 6,
      ),
    ),
  ),
  Token(
    kind: Identifier("greet"),
    location: Location(
      start: Position(
        line: 5,
        column: 6,
      ),
      end: Position(
        line: 5,
        column: 11,
      ),
    ),
  ),
  Token(
    kind: LeftParen,
    location: Location(
      start: Position(
        line: 5,
        column: 11,
      ),
      end: Position(
        line: 5,
        column: 12,
      ),
    ),
  ),
  Token(
    kind: String("Stella"),
    location: Location(
      start: Position(
        line: 5,
        column: 12,
      ),
      end: Position(
        line: 5,
        column: 20,
      ),
    ),
  ),
  Token(
    kind: RightParen,
    location: Location(
      start: Position(
        line: 5,
        column: 20,
      ),
      end: Position(
        line: 5,
        column: 21,
      ),
    ),
  ),
  Token(
    kind: RightParen,
    location: Location(
      start: Position(
        line: 5,
        column: 21,
      ),
      end: Position(
        line: 5,
        column: 22,
      ),
    ),
  ),
  Token(
    kind: EOF,
    location: Location(
      start: Position(
        line: 5,
        column: 22,
      ),
      end: Position(
        line: 6,
        column: 0,
      ),
    ),
  ),
]
