---
source: tests/snapshot_tests.rs
---
[
  Token(
    kind: Function,
    range: Range(
      start: 0,
      end: 8,
    ),
  ),
  Token(
    kind: Identifier("add"),
    range: Range(
      start: 9,
      end: 12,
    ),
  ),
  Token(
    kind: LeftParen,
    range: Range(
      start: 12,
      end: 13,
    ),
  ),
  Token(
    kind: Identifier("a"),
    range: Range(
      start: 13,
      end: 14,
    ),
  ),
  Token(
    kind: Comma,
    range: Range(
      start: 14,
      end: 15,
    ),
  ),
  Token(
    kind: Identifier("b"),
    range: Range(
      start: 16,
      end: 17,
    ),
  ),
  Token(
    kind: RightParen,
    range: Range(
      start: 17,
      end: 18,
    ),
  ),
  Token(
    kind: Return,
    range: Range(
      start: 23,
      end: 29,
    ),
  ),
  Token(
    kind: Identifier("a"),
    range: Range(
      start: 30,
      end: 31,
    ),
  ),
  Token(
    kind: Plus,
    range: Range(
      start: 32,
      end: 33,
    ),
  ),
  Token(
    kind: Identifier("b"),
    range: Range(
      start: 34,
      end: 35,
    ),
  ),
  Token(
    kind: End,
    range: Range(
      start: 36,
      end: 39,
    ),
  ),
  Token(
    kind: Local,
    range: Range(
      start: 41,
      end: 46,
    ),
  ),
  Token(
    kind: Identifier("result"),
    range: Range(
      start: 47,
      end: 53,
    ),
  ),
  Token(
    kind: Assign,
    range: Range(
      start: 54,
      end: 55,
    ),
  ),
  Token(
    kind: Identifier("add"),
    range: Range(
      start: 56,
      end: 59,
    ),
  ),
  Token(
    kind: LeftParen,
    range: Range(
      start: 59,
      end: 60,
    ),
  ),
  Token(
    kind: Number("5"),
    range: Range(
      start: 60,
      end: 61,
    ),
  ),
  Token(
    kind: Comma,
    range: Range(
      start: 61,
      end: 62,
    ),
  ),
  Token(
    kind: Number("10"),
    range: Range(
      start: 63,
      end: 65,
    ),
  ),
  Token(
    kind: RightParen,
    range: Range(
      start: 65,
      end: 66,
    ),
  ),
  Token(
    kind: EOF,
    range: Range(
      start: 67,
      end: 67,
    ),
  ),
]
