---
source: tests/snapshot_tests.rs
---
[
  Token(
    kind: Local,
    range: Range(
      start: 0,
      end: 5,
    ),
  ),
  Token(
    kind: Identifier("name"),
    range: Range(
      start: 6,
      end: 10,
    ),
  ),
  Token(
    kind: Colon,
    range: Range(
      start: 10,
      end: 11,
    ),
  ),
  Token(
    kind: Identifier("string"),
    range: Range(
      start: 12,
      end: 18,
    ),
  ),
  Token(
    kind: Assign,
    range: Range(
      start: 19,
      end: 20,
    ),
  ),
  Token(
    kind: String("Stella"),
    range: Range(
      start: 21,
      end: 29,
    ),
  ),
  Token(
    kind: EOF,
    range: Range(
      start: 30,
      end: 30,
    ),
  ),
]
