---
source: tests/snapshot_tests.rs
---
Program(
  statements: [
    FunctionStatement(FunctionStatement(
      name: Token(
        kind: Identifier("outer"),
        location: Location(
          start: Position(
            line: 1,
            column: 9,
          ),
          end: Position(
            line: 1,
            column: 14,
          ),
        ),
      ),
      arguments: [
        (Token(
          kind: Identifier("x"),
          location: Location(
            start: Position(
              line: 1,
              column: 15,
            ),
            end: Position(
              line: 1,
              column: 16,
            ),
          ),
        ), Some(Number)),
      ],
      return_t: Some(Number),
      body: BlockStatement(BlockStatement(
        body: [
          FunctionStatement(FunctionStatement(
            name: Token(
              kind: Identifier("inner"),
              location: Location(
                start: Position(
                  line: 2,
                  column: 13,
                ),
                end: Position(
                  line: 2,
                  column: 18,
                ),
              ),
            ),
            arguments: [
              (Token(
                kind: Identifier("y"),
                location: Location(
                  start: Position(
                    line: 2,
                    column: 19,
                  ),
                  end: Position(
                    line: 2,
                    column: 20,
                  ),
                ),
              ), Some(Number)),
            ],
            return_t: Some(String),
            body: BlockStatement(BlockStatement(
              body: [
                ReturnStatement(ReturnStatement(
                  value: [
                    BinaryExpression(BinaryExpression(
                      operator: DoubleDot,
                      left: LiteralExpression(StringLiteral(StringLiteral(
                        value: "Hello, ",
                        location: Location(
                          start: Position(
                            line: 3,
                            column: 15,
                          ),
                          end: Position(
                            line: 3,
                            column: 24,
                          ),
                        ),
                      ))),
                      right: LiteralExpression(StringLiteral(StringLiteral(
                        value: "World",
                        location: Location(
                          start: Position(
                            line: 3,
                            column: 28,
                          ),
                          end: Position(
                            line: 3,
                            column: 35,
                          ),
                        ),
                      ))),
                      location: Location(
                        start: Position(
                          line: 3,
                          column: 26,
                        ),
                        end: Position(
                          line: 3,
                          column: 27,
                        ),
                      ),
                    )),
                  ],
                  location: Location(
                    start: Position(
                      line: 3,
                      column: 8,
                    ),
                    end: Position(
                      line: 3,
                      column: 14,
                    ),
                  ),
                )),
              ],
              location: Location(
                start: Position(
                  line: 3,
                  column: 8,
                ),
                end: Position(
                  line: 3,
                  column: 14,
                ),
              ),
            )),
            location: Location(
              start: Position(
                line: 2,
                column: 13,
              ),
              end: Position(
                line: 2,
                column: 18,
              ),
            ),
          )),
          ReturnStatement(ReturnStatement(
            value: [
              CallExpression(CallExpression(
                name: Token(
                  kind: Identifier("inner"),
                  location: Location(
                    start: Position(
                      line: 5,
                      column: 11,
                    ),
                    end: Position(
                      line: 5,
                      column: 16,
                    ),
                  ),
                ),
                args: GroupedExpression(GroupedExpression(
                  expression: [
                    BinaryExpression(BinaryExpression(
                      operator: Multiply,
                      left: Identifier(Identifier(
                        name: "x",
                        location: Location(
                          start: Position(
                            line: 5,
                            column: 17,
                          ),
                          end: Position(
                            line: 5,
                            column: 18,
                          ),
                        ),
                      )),
                      right: LiteralExpression(NumberLiteral(NumberLiteral(
                        value: "2",
                        location: Location(
                          start: Position(
                            line: 5,
                            column: 21,
                          ),
                          end: Position(
                            line: 5,
                            column: 22,
                          ),
                        ),
                      ))),
                      location: Location(
                        start: Position(
                          line: 5,
                          column: 19,
                        ),
                        end: Position(
                          line: 5,
                          column: 20,
                        ),
                      ),
                    )),
                  ],
                  location: Location(
                    start: Position(
                      line: 5,
                      column: 16,
                    ),
                    end: Position(
                      line: 5,
                      column: 17,
                    ),
                  ),
                )),
                location: Location(
                  start: Position(
                    line: 5,
                    column: 11,
                  ),
                  end: Position(
                    line: 5,
                    column: 16,
                  ),
                ),
              )),
            ],
            location: Location(
              start: Position(
                line: 5,
                column: 4,
              ),
              end: Position(
                line: 5,
                column: 10,
              ),
            ),
          )),
        ],
        location: Location(
          start: Position(
            line: 2,
            column: 4,
          ),
          end: Position(
            line: 2,
            column: 12,
          ),
        ),
      )),
      location: Location(
        start: Position(
          line: 1,
          column: 9,
        ),
        end: Position(
          line: 1,
          column: 14,
        ),
      ),
    )),
    VariableDeclaration(VariableDeclaration(
      name: Token(
        kind: Identifier("result"),
        location: Location(
          start: Position(
            line: 8,
            column: 6,
          ),
          end: Position(
            line: 8,
            column: 12,
          ),
        ),
      ),
      local: true,
      t: Some(Number),
      init: Some(CallExpression(CallExpression(
        name: Token(
          kind: Identifier("outer"),
          location: Location(
            start: Position(
              line: 8,
              column: 23,
            ),
            end: Position(
              line: 8,
              column: 28,
            ),
          ),
        ),
        args: GroupedExpression(GroupedExpression(
          expression: [
            LiteralExpression(NumberLiteral(NumberLiteral(
              value: "10",
              location: Location(
                start: Position(
                  line: 8,
                  column: 29,
                ),
                end: Position(
                  line: 8,
                  column: 31,
                ),
              ),
            ))),
          ],
          location: Location(
            start: Position(
              line: 8,
              column: 28,
            ),
            end: Position(
              line: 8,
              column: 29,
            ),
          ),
        )),
        location: Location(
          start: Position(
            line: 8,
            column: 23,
          ),
          end: Position(
            line: 8,
            column: 28,
          ),
        ),
      ))),
      location: Location(
        start: Position(
          line: 8,
          column: 6,
        ),
        end: Position(
          line: 8,
          column: 12,
        ),
      ),
    )),
  ],
)
