---
source: tests/snapshot_tests.rs
---
Program(
  statements: [
    VariableDeclaration(VariableDeclaration(
      name: Token(
        kind: Identifier("name"),
        location: Location(
          start: Position(
            line: 1,
            column: 5,
          ),
          end: Position(
            line: 1,
            column: 10,
          ),
        ),
      ),
      local: true,
      t: Some(String),
      init: Some(LiteralExpression(StringLiteral(StringLiteral(
        value: "Stella",
        location: Location(
          start: Position(
            line: 1,
            column: 20,
          ),
          end: Position(
            line: 1,
            column: 29,
          ),
        ),
      )))),
      location: Location(
        start: Position(
          line: 1,
          column: 5,
        ),
        end: Position(
          line: 1,
          column: 10,
        ),
      ),
    )),
    VariableDeclaration(VariableDeclaration(
      name: Token(
        kind: Identifier("age"),
        location: Location(
          start: Position(
            line: 2,
            column: 5,
          ),
          end: Position(
            line: 2,
            column: 9,
          ),
        ),
      ),
      local: true,
      t: Some(Number),
      init: Some(Identifier(Identifier(
        name: "name",
        location: Location(
          start: Position(
            line: 2,
            column: 19,
          ),
          end: Position(
            line: 2,
            column: 24,
          ),
        ),
      ))),
      location: Location(
        start: Position(
          line: 2,
          column: 5,
        ),
        end: Position(
          line: 2,
          column: 9,
        ),
      ),
    )),
    AssignStatement(AssignStatement(
      name: Token(
        kind: Identifier("name"),
        location: Location(
          start: Position(
            line: 2,
            column: 24,
          ),
          end: Position(
            line: 3,
            column: 4,
          ),
        ),
      ),
      value: LiteralExpression(NumberLiteral(NumberLiteral(
        value: "10",
        location: Location(
          start: Position(
            line: 3,
            column: 6,
          ),
          end: Position(
            line: 3,
            column: 9,
          ),
        ),
      ))),
      location: Location(
        start: Position(
          line: 2,
          column: 24,
        ),
        end: Position(
          line: 3,
          column: 4,
        ),
      ),
    )),
    VariableDeclaration(VariableDeclaration(
      name: Token(
        kind: Identifier("is_student"),
        location: Location(
          start: Position(
            line: 4,
            column: 5,
          ),
          end: Position(
            line: 4,
            column: 16,
          ),
        ),
      ),
      local: true,
      t: Some(Boolean),
      init: Some(LiteralExpression(BoolLiteral(BoolLiteral(
        value: true,
        location: Location(
          start: Position(
            line: 4,
            column: 27,
          ),
          end: Position(
            line: 4,
            column: 32,
          ),
        ),
      )))),
      location: Location(
        start: Position(
          line: 4,
          column: 5,
        ),
        end: Position(
          line: 4,
          column: 16,
        ),
      ),
    )),
    VariableDeclaration(VariableDeclaration(
      name: Token(
        kind: Identifier("what_is_that"),
        location: Location(
          start: Position(
            line: 6,
            column: 5,
          ),
          end: Position(
            line: 6,
            column: 18,
          ),
        ),
      ),
      local: true,
      t: Some(Unknown),
      init: None,
      location: Location(
        start: Position(
          line: 6,
          column: 5,
        ),
        end: Position(
          line: 6,
          column: 18,
        ),
      ),
    )),
    AssignStatement(AssignStatement(
      name: Token(
        kind: Identifier("what_is_that"),
        location: Location(
          start: Position(
            line: 6,
            column: 28,
          ),
          end: Position(
            line: 8,
            column: 12,
          ),
        ),
      ),
      value: LiteralExpression(NumberLiteral(NumberLiteral(
        value: "10",
        location: Location(
          start: Position(
            line: 8,
            column: 14,
          ),
          end: Position(
            line: 8,
            column: 17,
          ),
        ),
      ))),
      location: Location(
        start: Position(
          line: 6,
          column: 28,
        ),
        end: Position(
          line: 8,
          column: 12,
        ),
      ),
    )),
    AssignStatement(AssignStatement(
      name: Token(
        kind: Identifier("what_is_that"),
        location: Location(
          start: Position(
            line: 8,
            column: 17,
          ),
          end: Position(
            line: 11,
            column: 12,
          ),
        ),
      ),
      value: LiteralExpression(BoolLiteral(BoolLiteral(
        value: true,
        location: Location(
          start: Position(
            line: 11,
            column: 14,
          ),
          end: Position(
            line: 11,
            column: 19,
          ),
        ),
      ))),
      location: Location(
        start: Position(
          line: 8,
          column: 17,
        ),
        end: Position(
          line: 11,
          column: 12,
        ),
      ),
    )),
  ],
)
