---
source: tests/snapshot_tests.rs
---
Program(
  statements: [
    VariableDeclaration(VariableDeclaration(
      values: [
        (Token(
          kind: Identifier("a"),
          range: Range(
            start: 6,
            end: 7,
          ),
        ), Some(Boolean)),
      ],
      local: true,
      initializer: Some(Literal(Boolean(BooleanLiteral(
        value: true,
        range: Range(
          start: 19,
          end: 23,
        ),
      )))),
    )),
    VariableDeclaration(VariableDeclaration(
      values: [
        (Token(
          kind: Identifier("b"),
          range: Range(
            start: 30,
            end: 31,
          ),
        ), Some(Boolean)),
      ],
      local: true,
      initializer: Some(Literal(Boolean(BooleanLiteral(
        value: false,
        range: Range(
          start: 43,
          end: 48,
        ),
      )))),
    )),
    If(IfStatement(
      condition: Binary(BinaryExpression(
        operator: And,
        left: Identifier(Identifier(
          name: "a",
          range: Range(
            start: 53,
            end: 54,
          ),
        )),
        right: Unary(UnaryExpression(
          range: Range(
            start: 59,
            end: 62,
          ),
          operator: Not,
          operand: Identifier(Identifier(
            name: "b",
            range: Range(
              start: 63,
              end: 64,
            ),
          )),
        )),
        range: Range(
          start: 55,
          end: 58,
        ),
      )),
      then_body: Block(BlockStatement(
        statements: [
          Expression(Call(CallExpression(
            name: Token(
              kind: Identifier("print"),
              range: Range(
                start: 74,
                end: 79,
              ),
            ),
            args: Grouped(GroupedExpression(
              expressions: [
                Literal(String(StringLiteral(
                  value: "a is true and b is false",
                  range: Range(
                    start: 80,
                    end: 106,
                  ),
                ))),
              ],
              range: Range(
                start: 79,
                end: 107,
              ),
            )),
            range: Range(
              start: 74,
              end: 79,
            ),
          ))),
        ],
        range: Range(
          start: 74,
          end: 79,
        ),
      )),
      else_body: None,
      range: Range(
        start: 50,
        end: 52,
      ),
    )),
  ],
)
