---
source: tests/snapshot_tests.rs
---
Program(
  statements: [
    Function(FunctionStatement(
      name: Token(
        kind: Identifier("greet"),
        range: Range(
          start: 9,
          end: 14,
        ),
      ),
      local: false,
      arguments: [
        (Token(
          kind: Identifier("name"),
          range: Range(
            start: 15,
            end: 19,
          ),
        ), Some(String)),
      ],
      return_type: Some(Number),
      generics: [],
      body: Block(BlockStatement(
        statements: [
          Return(ReturnStatement(
            values: [
              Binary(BinaryExpression(
                operator: DoubleDot,
                left: Literal(String(StringLiteral(
                  value: "Hello, ",
                  range: Range(
                    start: 48,
                    end: 57,
                  ),
                ))),
                right: Identifier(Identifier(
                  name: "name",
                  range: Range(
                    start: 61,
                    end: 65,
                  ),
                )),
                range: Range(
                  start: 58,
                  end: 60,
                ),
              )),
            ],
            range: Range(
              start: 41,
              end: 47,
            ),
          )),
        ],
        range: Range(
          start: 41,
          end: 47,
        ),
      )),
      range: Range(
        start: 9,
        end: 14,
      ),
    )),
    VariableDeclaration(VariableDeclaration(
      values: [
        (Token(
          kind: Identifier("result"),
          range: Range(
            start: 76,
            end: 82,
          ),
        ), Some(Number)),
      ],
      local: true,
      initializer: Some(Call(CallExpression(
        name: Token(
          kind: Identifier("greet"),
          range: Range(
            start: 93,
            end: 98,
          ),
        ),
        args: Grouped(GroupedExpression(
          expressions: [
            Literal(String(StringLiteral(
              value: "Stella",
              range: Range(
                start: 99,
                end: 107,
              ),
            ))),
          ],
          range: Range(
            start: 98,
            end: 108,
          ),
        )),
        range: Range(
          start: 93,
          end: 98,
        ),
      ))),
    )),
  ],
)
