---
source: tests/snapshot_tests.rs
---
Program(
  statements: [
    Function(FunctionStatement(
      name: Token(
        kind: Identifier("fibonacci"),
        location: Location(
          start: Position(
            line: 1,
            column: 9,
          ),
          end: Position(
            line: 1,
            column: 18,
          ),
          rage_start: 9,
          rage_end: 18,
        ),
      ),
      local: false,
      arguments: [
        (Token(
          kind: Identifier("n"),
          location: Location(
            start: Position(
              line: 1,
              column: 19,
            ),
            end: Position(
              line: 1,
              column: 20,
            ),
            rage_start: 19,
            rage_end: 20,
          ),
        ), Some(Number)),
      ],
      return_type: Some(Number),
      body: Block(BlockStatement(
        statements: [
          If(IfStatement(
            condition: Binary(BinaryExpression(
              operator: LessThanOrEqual,
              left: Identifier(Identifier(
                name: "n",
                location: Location(
                  start: Position(
                    line: 2,
                    column: 7,
                  ),
                  end: Position(
                    line: 2,
                    column: 8,
                  ),
                  rage_start: 45,
                  rage_end: 46,
                ),
              )),
              right: Literal(Number(NumberLiteral(
                value: "1",
                location: Location(
                  start: Position(
                    line: 2,
                    column: 12,
                  ),
                  end: Position(
                    line: 2,
                    column: 13,
                  ),
                  rage_start: 50,
                  rage_end: 51,
                ),
              ))),
              location: Location(
                start: Position(
                  line: 2,
                  column: 9,
                ),
                end: Position(
                  line: 2,
                  column: 11,
                ),
                rage_start: 47,
                rage_end: 49,
              ),
            )),
            then_body: Block(BlockStatement(
              statements: [
                Return(ReturnStatement(
                  values: [
                    Identifier(Identifier(
                      name: "n",
                      location: Location(
                        start: Position(
                          line: 3,
                          column: 15,
                        ),
                        end: Position(
                          line: 3,
                          column: 16,
                        ),
                        rage_start: 72,
                        rage_end: 73,
                      ),
                    )),
                  ],
                  location: Location(
                    start: Position(
                      line: 3,
                      column: 8,
                    ),
                    end: Position(
                      line: 3,
                      column: 14,
                    ),
                    rage_start: 65,
                    rage_end: 71,
                  ),
                )),
              ],
              location: Location(
                start: Position(
                  line: 3,
                  column: 8,
                ),
                end: Position(
                  line: 3,
                  column: 14,
                ),
                rage_start: 65,
                rage_end: 71,
              ),
            )),
            else_body: None,
            location: Location(
              start: Position(
                line: 2,
                column: 4,
              ),
              end: Position(
                line: 2,
                column: 6,
              ),
              rage_start: 42,
              rage_end: 44,
            ),
          )),
          Return(ReturnStatement(
            values: [
              Call(CallExpression(
                name: Token(
                  kind: Identifier("fibonacci"),
                  location: Location(
                    start: Position(
                      line: 5,
                      column: 11,
                    ),
                    end: Position(
                      line: 5,
                      column: 20,
                    ),
                    rage_start: 93,
                    rage_end: 102,
                  ),
                ),
                args: Binary(BinaryExpression(
                  operator: Add,
                  left: Binary(BinaryExpression(
                    operator: Subtract,
                    left: Identifier(Identifier(
                      name: "n",
                      location: Location(
                        start: Position(
                          line: 5,
                          column: 21,
                        ),
                        end: Position(
                          line: 5,
                          column: 22,
                        ),
                        rage_start: 103,
                        rage_end: 104,
                      ),
                    )),
                    right: Literal(Number(NumberLiteral(
                      value: "1",
                      location: Location(
                        start: Position(
                          line: 5,
                          column: 25,
                        ),
                        end: Position(
                          line: 5,
                          column: 26,
                        ),
                        rage_start: 107,
                        rage_end: 108,
                      ),
                    ))),
                    location: Location(
                      start: Position(
                        line: 5,
                        column: 23,
                      ),
                      end: Position(
                        line: 5,
                        column: 24,
                      ),
                      rage_start: 105,
                      rage_end: 106,
                    ),
                  )),
                  right: Call(CallExpression(
                    name: Token(
                      kind: Identifier("fibonacci"),
                      location: Location(
                        start: Position(
                          line: 5,
                          column: 30,
                        ),
                        end: Position(
                          line: 5,
                          column: 39,
                        ),
                        rage_start: 112,
                        rage_end: 121,
                      ),
                    ),
                    args: Binary(BinaryExpression(
                      operator: Subtract,
                      left: Identifier(Identifier(
                        name: "n",
                        location: Location(
                          start: Position(
                            line: 5,
                            column: 40,
                          ),
                          end: Position(
                            line: 5,
                            column: 41,
                          ),
                          rage_start: 122,
                          rage_end: 123,
                        ),
                      )),
                      right: Literal(Number(NumberLiteral(
                        value: "2",
                        location: Location(
                          start: Position(
                            line: 5,
                            column: 44,
                          ),
                          end: Position(
                            line: 5,
                            column: 45,
                          ),
                          rage_start: 126,
                          rage_end: 127,
                        ),
                      ))),
                      location: Location(
                        start: Position(
                          line: 5,
                          column: 42,
                        ),
                        end: Position(
                          line: 5,
                          column: 43,
                        ),
                        rage_start: 124,
                        rage_end: 125,
                      ),
                    )),
                    location: Location(
                      start: Position(
                        line: 5,
                        column: 30,
                      ),
                      end: Position(
                        line: 5,
                        column: 39,
                      ),
                      rage_start: 112,
                      rage_end: 121,
                    ),
                  )),
                  location: Location(
                    start: Position(
                      line: 5,
                      column: 28,
                    ),
                    end: Position(
                      line: 5,
                      column: 29,
                    ),
                    rage_start: 110,
                    rage_end: 111,
                  ),
                )),
                location: Location(
                  start: Position(
                    line: 5,
                    column: 11,
                  ),
                  end: Position(
                    line: 5,
                    column: 20,
                  ),
                  rage_start: 93,
                  rage_end: 102,
                ),
              )),
            ],
            location: Location(
              start: Position(
                line: 5,
                column: 4,
              ),
              end: Position(
                line: 5,
                column: 10,
              ),
              rage_start: 86,
              rage_end: 92,
            ),
          )),
        ],
        location: Location(
          start: Position(
            line: 2,
            column: 4,
          ),
          end: Position(
            line: 2,
            column: 6,
          ),
          rage_start: 42,
          rage_end: 44,
        ),
      )),
      location: Location(
        start: Position(
          line: 1,
          column: 9,
        ),
        end: Position(
          line: 1,
          column: 18,
        ),
        rage_start: 9,
        rage_end: 18,
      ),
    )),
  ],
)
