---
source: tests/snapshot_tests.rs
---
Program(
  statements: [
    Function(FunctionStatement(
      name: Token(
        kind: Identifier("add"),
        range: Range(
          start: 9,
          end: 12,
        ),
      ),
      local: false,
      arguments: [
        (Token(
          kind: Identifier("a"),
          range: Range(
            start: 13,
            end: 14,
          ),
        ), None),
        (Token(
          kind: Identifier("b"),
          range: Range(
            start: 16,
            end: 17,
          ),
        ), None),
      ],
      return_type: None,
      generics: [],
      body: Block(BlockStatement(
        statements: [
          Return(ReturnStatement(
            values: [
              Binary(BinaryExpression(
                operator: Add,
                left: Identifier(Identifier(
                  name: "a",
                  range: Range(
                    start: 30,
                    end: 31,
                  ),
                )),
                right: Identifier(Identifier(
                  name: "b",
                  range: Range(
                    start: 34,
                    end: 35,
                  ),
                )),
                range: Range(
                  start: 32,
                  end: 33,
                ),
              )),
            ],
            range: Range(
              start: 23,
              end: 29,
            ),
          )),
        ],
        range: Range(
          start: 23,
          end: 29,
        ),
      )),
      range: Range(
        start: 9,
        end: 12,
      ),
    )),
    VariableDeclaration(VariableDeclaration(
      values: [
        (Token(
          kind: Identifier("result"),
          range: Range(
            start: 47,
            end: 53,
          ),
        ), None),
      ],
      local: true,
      initializer: Some(Call(CallExpression(
        name: Token(
          kind: Identifier("add"),
          range: Range(
            start: 56,
            end: 59,
          ),
        ),
        args: Grouped(GroupedExpression(
          expressions: [
            Literal(Number(NumberLiteral(
              value: "5",
              range: Range(
                start: 60,
                end: 61,
              ),
            ))),
            Literal(Number(NumberLiteral(
              value: "10",
              range: Range(
                start: 63,
                end: 65,
              ),
            ))),
          ],
          range: Range(
            start: 59,
            end: 66,
          ),
        )),
        range: Range(
          start: 56,
          end: 59,
        ),
      ))),
    )),
  ],
)
