---
source: tests/snapshot_tests.rs
---
Program(
  statements: [
    FunctionStatement(FunctionStatement(
      name: Token(
        kind: Identifier("add"),
        location: Location(
          start: Position(
            line: 1,
            column: 9,
          ),
          end: Position(
            line: 1,
            column: 12,
          ),
        ),
      ),
      arguments: [
        (Token(
          kind: Identifier("a"),
          location: Location(
            start: Position(
              line: 1,
              column: 13,
            ),
            end: Position(
              line: 1,
              column: 14,
            ),
          ),
        ), None),
        (Token(
          kind: Comma,
          location: Location(
            start: Position(
              line: 1,
              column: 14,
            ),
            end: Position(
              line: 1,
              column: 15,
            ),
          ),
        ), None),
        (Token(
          kind: Identifier("b"),
          location: Location(
            start: Position(
              line: 1,
              column: 16,
            ),
            end: Position(
              line: 1,
              column: 17,
            ),
          ),
        ), None),
      ],
      return_t: None,
      body: BlockStatement(BlockStatement(
        body: [
          ReturnStatement(ReturnStatement(
            value: [
              BinaryExpression(BinaryExpression(
                operator: Add,
                left: Identifier(Identifier(
                  name: "a",
                  location: Location(
                    start: Position(
                      line: 2,
                      column: 11,
                    ),
                    end: Position(
                      line: 2,
                      column: 12,
                    ),
                  ),
                )),
                right: Identifier(Identifier(
                  name: "b",
                  location: Location(
                    start: Position(
                      line: 2,
                      column: 15,
                    ),
                    end: Position(
                      line: 2,
                      column: 16,
                    ),
                  ),
                )),
                location: Location(
                  start: Position(
                    line: 2,
                    column: 13,
                  ),
                  end: Position(
                    line: 2,
                    column: 14,
                  ),
                ),
              )),
            ],
            location: Location(
              start: Position(
                line: 2,
                column: 4,
              ),
              end: Position(
                line: 2,
                column: 10,
              ),
            ),
          )),
        ],
        location: Location(
          start: Position(
            line: 2,
            column: 4,
          ),
          end: Position(
            line: 2,
            column: 10,
          ),
        ),
      )),
      location: Location(
        start: Position(
          line: 1,
          column: 9,
        ),
        end: Position(
          line: 1,
          column: 12,
        ),
      ),
    )),
    VariableDeclaration(VariableDeclaration(
      name: Token(
        kind: Identifier("result"),
        location: Location(
          start: Position(
            line: 5,
            column: 6,
          ),
          end: Position(
            line: 5,
            column: 12,
          ),
        ),
      ),
      local: true,
      t: None,
      init: Some(CallExpression(CallExpression(
        name: Token(
          kind: Identifier("add"),
          location: Location(
            start: Position(
              line: 5,
              column: 15,
            ),
            end: Position(
              line: 5,
              column: 18,
            ),
          ),
        ),
        args: GroupedExpression(GroupedExpression(
          expression: [
            LiteralExpression(NumberLiteral(NumberLiteral(
              value: "5",
              location: Location(
                start: Position(
                  line: 5,
                  column: 19,
                ),
                end: Position(
                  line: 5,
                  column: 20,
                ),
              ),
            ))),
            LiteralExpression(NumberLiteral(NumberLiteral(
              value: "10",
              location: Location(
                start: Position(
                  line: 5,
                  column: 22,
                ),
                end: Position(
                  line: 5,
                  column: 24,
                ),
              ),
            ))),
          ],
          location: Location(
            start: Position(
              line: 5,
              column: 18,
            ),
            end: Position(
              line: 5,
              column: 19,
            ),
          ),
        )),
        location: Location(
          start: Position(
            line: 5,
            column: 15,
          ),
          end: Position(
            line: 5,
            column: 18,
          ),
        ),
      ))),
      location: Location(
        start: Position(
          line: 5,
          column: 6,
        ),
        end: Position(
          line: 5,
          column: 12,
        ),
      ),
    )),
  ],
)
