---
source: tests/snapshot_tests.rs
---
Program(
  statements: [
    VariableDeclaration(VariableDeclaration(
      name: Token(
        kind: Identifier("count"),
        location: Location(
          start: Position(
            line: 1,
            column: 6,
          ),
          end: Position(
            line: 1,
            column: 11,
          ),
          rage_start: 6,
          rage_end: 11,
        ),
      ),
      local: true,
      var_type: Some(Number),
      initializer: Some(Literal(Number(NumberLiteral(
        value: "0",
        location: Location(
          start: Position(
            line: 1,
            column: 22,
          ),
          end: Position(
            line: 1,
            column: 23,
          ),
          rage_start: 22,
          rage_end: 23,
        ),
      )))),
      location: Location(
        start: Position(
          line: 1,
          column: 6,
        ),
        end: Position(
          line: 1,
          column: 11,
        ),
        rage_start: 6,
        rage_end: 11,
      ),
    )),
    While(WhileStatement(
      condition: Binary(BinaryExpression(
        operator: LessThan,
        left: Identifier(Identifier(
          name: "count",
          location: Location(
            start: Position(
              line: 3,
              column: 6,
            ),
            end: Position(
              line: 3,
              column: 11,
            ),
            rage_start: 31,
            rage_end: 36,
          ),
        )),
        right: Literal(Number(NumberLiteral(
          value: "10",
          location: Location(
            start: Position(
              line: 3,
              column: 14,
            ),
            end: Position(
              line: 3,
              column: 16,
            ),
            rage_start: 39,
            rage_end: 41,
          ),
        ))),
        location: Location(
          start: Position(
            line: 3,
            column: 12,
          ),
          end: Position(
            line: 3,
            column: 13,
          ),
          rage_start: 37,
          rage_end: 38,
        ),
      )),
      body: Block(BlockStatement(
        statements: [
          Expression(Call(CallExpression(
            name: Token(
              kind: Identifier("print"),
              location: Location(
                start: Position(
                  line: 4,
                  column: 4,
                ),
                end: Position(
                  line: 4,
                  column: 9,
                ),
                rage_start: 49,
                rage_end: 54,
              ),
            ),
            args: Grouped(GroupedExpression(
              expressions: [
                Identifier(Identifier(
                  name: "count",
                  location: Location(
                    start: Position(
                      line: 4,
                      column: 10,
                    ),
                    end: Position(
                      line: 4,
                      column: 15,
                    ),
                    rage_start: 55,
                    rage_end: 60,
                  ),
                )),
              ],
              location: Location(
                start: Position(
                  line: 4,
                  column: 9,
                ),
                end: Position(
                  line: 4,
                  column: 16,
                ),
                rage_start: 54,
                rage_end: 61,
              ),
            )),
            location: Location(
              start: Position(
                line: 4,
                column: 4,
              ),
              end: Position(
                line: 4,
                column: 9,
              ),
              rage_start: 49,
              rage_end: 54,
            ),
          ))),
          Assign(AssignStatement(
            name: Token(
              kind: Identifier("count"),
              location: Location(
                start: Position(
                  line: 5,
                  column: 4,
                ),
                end: Position(
                  line: 5,
                  column: 9,
                ),
                rage_start: 66,
                rage_end: 71,
              ),
            ),
            value: Binary(BinaryExpression(
              operator: Add,
              left: Identifier(Identifier(
                name: "count",
                location: Location(
                  start: Position(
                    line: 5,
                    column: 12,
                  ),
                  end: Position(
                    line: 5,
                    column: 17,
                  ),
                  rage_start: 74,
                  rage_end: 79,
                ),
              )),
              right: Literal(Number(NumberLiteral(
                value: "1",
                location: Location(
                  start: Position(
                    line: 5,
                    column: 20,
                  ),
                  end: Position(
                    line: 5,
                    column: 21,
                  ),
                  rage_start: 82,
                  rage_end: 83,
                ),
              ))),
              location: Location(
                start: Position(
                  line: 5,
                  column: 18,
                ),
                end: Position(
                  line: 5,
                  column: 19,
                ),
                rage_start: 80,
                rage_end: 81,
              ),
            )),
            location: Location(
              start: Position(
                line: 5,
                column: 4,
              ),
              end: Position(
                line: 5,
                column: 9,
              ),
              rage_start: 66,
              rage_end: 71,
            ),
          )),
        ],
        location: Location(
          start: Position(
            line: 4,
            column: 4,
          ),
          end: Position(
            line: 4,
            column: 9,
          ),
          rage_start: 49,
          rage_end: 54,
        ),
      )),
      location: Location(
        start: Position(
          line: 3,
          column: 0,
        ),
        end: Position(
          line: 3,
          column: 5,
        ),
        rage_start: 25,
        rage_end: 30,
      ),
    )),
  ],
)
