---
source: tests/snapshot_tests.rs
---
Program(
  statements: [
    VariableDeclaration(VariableDeclaration(
      values: [
        (Token(
          kind: Identifier("name"),
          range: Range(
            start: 6,
            end: 10,
          ),
        ), Some(String)),
      ],
      local: true,
      initializer: Some(Literal(String(StringLiteral(
        value: "Stella",
        range: Range(
          start: 21,
          end: 29,
        ),
      )))),
    )),
  ],
)
